#[1]   hack2.asm
 1516  18:8A12  FF                .db $FF
#[1]   hack2.asm
#[2]   src/bank0D.asm
#[3]   src/selectstage.asm
#[2]   src/bank0D.asm
#[3]   src/selectstage_data.asm
#[2]   src/bank0D.asm
#[3]   src/weaponmenu.asm
#[2]   src/bank0D.asm
#[3]   src/enterwilycastle.asm
#[2]   src/bank0D.asm
#[3]   src/titlescreen.asm
#[2]   src/bank0D.asm
#[3]   src/titlescreen_data.asm
#[2]   src/bank0D.asm
#[3]   src/gameover.asm
#[2]   src/bank0D.asm
#[3]   src/ending.asm
#[2]   src/bank0D.asm
#[3]   src/geteq.asm
#[2]   src/bank0D.asm
#[1]   hack2.asm
#[2]   src/bank0E.asm
#[3]   src/dorockman.asm
#[2]   src/bank0E.asm
#[3]   src/obj/behaviour_normal.asm
#[2]   src/bank0E.asm
#[1]   hack2.asm
#[2]   src/bank0F.asm
#[3]   src/sprites.asm
#[2]   src/bank0F.asm
#[3]   src/NMI.asm
#[2]   src/bank0F.asm
#[3]   src/spawnenemy.asm
#[2]   src/bank0F.asm
#[3]   src/weapons.asm
#[2]   src/bank0F.asm
#[3]   src/damageinfo.asm
#[2]   src/bank0F.asm
#[3]   src/obj/behaviour_stopping.asm
#[2]   src/bank0F.asm
#[3]   src/animations.asm
#[2]   src/bank0F.asm
#[1]   hack2.asm
#[2]   src/patch.asm
#[1]   hack2.asm
#[2]   src/music/music.asm
#[3]   src/music/dryguys/header.asm
#[4]   src/music/dryguys/tri.asm
#[3]   src/music/dryguys/header.asm
#[4]   src/music/dryguys/sq2.asm
#[3]   src/music/dryguys/header.asm
#[4]   src/music/dryguys/sq1.asm
#[3]   src/music/dryguys/header.asm
#[4]   src/music/dryguys/noi.asm
#[3]   src/music/dryguys/header.asm
#[2]   src/music/music.asm
#[3]   src/music/deathtrapmirage/header.asm
#[4]   src/music/deathtrapmirage/tri.asm
#[3]   src/music/deathtrapmirage/header.asm
#[4]   src/music/deathtrapmirage/sq2.asm
#[3]   src/music/deathtrapmirage/header.asm
#[4]   src/music/deathtrapmirage/sq1.asm
#[3]   src/music/deathtrapmirage/header.asm
#[4]   src/music/deathtrapmirage/noi.asm
#[3]   src/music/deathtrapmirage/header.asm
#[2]   src/music/music.asm
#[1]   hack2.asm
